#-----------------------------------------------------------
# Vivado v2023.1 (64-bit)
# SW Build 3865809 on Sun May  7 15:05:29 MDT 2023
# IP Build 3864474 on Sun May  7 20:36:21 MDT 2023
# SharedData Build 3865790 on Sun May 07 13:33:03 MDT 2023
# Start of session at: Thu Jun 12 13:55:27 2025
# Process ID: 13596
# Current directory: C:/Users/daanv/Desktop/MO5_MO6/MO5/Self_driving_car/Self_driving_car.runs/Main_block_seg_display_Daan_wra_0_0_synth_1
# Command line: vivado.exe -log Main_block_seg_display_Daan_wra_0_0.vds -product Vivado -mode batch -messageDb vivado.pb -notrace -source Main_block_seg_display_Daan_wra_0_0.tcl
# Log file: C:/Users/daanv/Desktop/MO5_MO6/MO5/Self_driving_car/Self_driving_car.runs/Main_block_seg_display_Daan_wra_0_0_synth_1/Main_block_seg_display_Daan_wra_0_0.vds
# Journal file: C:/Users/daanv/Desktop/MO5_MO6/MO5/Self_driving_car/Self_driving_car.runs/Main_block_seg_display_Daan_wra_0_0_synth_1\vivado.jou
# Running On: Asus_Daan, OS: Windows, CPU Frequency: 2419 MHz, CPU Physical cores: 4, Host memory: 16859 MB
#-----------------------------------------------------------
source Main_block_seg_display_Daan_wra_0_0.tcl -notrace
